PS C:\Users\vrush\OneDrive\Documents\Dockerizing java> javac Main.java

PS C:\Users\vrush\OneDrive\Documents\Dockerizing java> java Main      
Hello World!

PS C:\Users\vrush\OneDrive\Documents\Dockerizing java> npm init -y

Wrote to C:\Users\vrush\OneDrive\Documents\Dockerizing java\package.json:

{
  "name": "dockerizing-java",
  "version": "1.0.0",
  "description": "",
  "main": "index.js",
  "scripts": {
    "test": "echo \"Error: no test specified\" && exit 1"
  },
  "keywords": [],
  "author": "",
  "license": "ISC"
}


PS C:\Users\vrush\OneDrive\Documents\Dockerizing java> npm install

up to date, audited 1 package in 389ms

found 0 vulnerabilities
PS C:\Users\vrush\OneDrive\Documents\Dockerizing java> npm install express

added 50 packages, and audited 51 packages in 4s

2 packages are looking for funding
  run `npm fund` for details

found 0 vulnerabilities



PS C:\Users\vrush\OneDrive\Documents\Dockerizing java> docker build -t java .
Sending build context to Docker daemon  2.047MB
Step 1/6 : FROM ubuntu:20.04
20.04: Pulling from library/ubuntu
Digest: sha256:bea6d19168bbfd6af8d77c2cc3c572114eb5d113e6f422573c93cb605a0e2ffb
Status: Downloaded newer image for ubuntu:20.04
 ---> ff0fea8310f3
Step 2/6 : RUN apt update
 ---> Running in 6b0c03a0c624

WARNING: apt does not have a stable CLI interface. Use with caution in scripts.

Get:1 http://security.ubuntu.com/ubuntu focal-security InRelease [114 kB]
Get:2 http://archive.ubuntu.com/ubuntu focal InRelease [265 kB]
Get:3 http://security.ubuntu.com/ubuntu focal-security/restricted amd64 Packages [1068 kB]
Get:4 http://archive.ubuntu.com/ubuntu focal-updates InRelease [114 kB]
Get:5 http://archive.ubuntu.com/ubuntu focal-backports InRelease [108 kB]
Get:6 http://archive.ubuntu.com/ubuntu focal/main amd64 Packages [1275 kB]
Get:7 http://security.ubuntu.com/ubuntu focal-security/main amd64 Packages [1683 kB]
Get:8 http://archive.ubuntu.com/ubuntu focal/universe amd64 Packages [11.3 MB]
Get:9 http://security.ubuntu.com/ubuntu focal-security/multiverse amd64 Packages [25.8 kB]
Get:10 http://security.ubuntu.com/ubuntu focal-security/universe amd64 Packages [860 kB]
Get:11 http://archive.ubuntu.com/ubuntu focal/restricted amd64 Packages [33.4 kB]
Get:12 http://archive.ubuntu.com/ubuntu focal/multiverse amd64 Packages [177 kB]
Get:13 http://archive.ubuntu.com/ubuntu focal-updates/multiverse amd64 Packages [30.3 kB]
Get:14 http://archive.ubuntu.com/ubuntu focal-updates/restricted amd64 Packages [1139 kB]
Get:15 http://archive.ubuntu.com/ubuntu focal-updates/universe amd64 Packages [1143 kB]
Get:16 http://archive.ubuntu.com/ubuntu focal-updates/main amd64 Packages [2099 kB]
Get:17 http://archive.ubuntu.com/ubuntu focal-backports/universe amd64 Packages [26.0 kB]
Get:18 http://archive.ubuntu.com/ubuntu focal-backports/main amd64 Packages [51.2 kB]
Fetched 21.6 MB in 1min 33s (231 kB/s)
Reading package lists...
Building dependency tree...
Reading state information...
All packages are up to date.
Removing intermediate container 6b0c03a0c624
 ---> ce6e184bfc78
Step 3/6 : RUN apt install default-jdk -y
 ---> Running in 8ae3c23a9bf1

WARNING: apt does not have a stable CLI interface. Use with caution in scripts.

Reading package lists...
Building dependency tree...
Reading state information...
The following additional packages will be installed:
  alsa-topology-conf alsa-ucm-conf at-spi2-core ca-certificates
  ca-certificates-java dbus default-jdk-headless default-jre
  default-jre-headless fontconfig-config fonts-dejavu-core fonts-dejavu-extra
  java-common krb5-locales libapparmor1 libasound2 libasound2-data
  libatk-bridge2.0-0 libatk-wrapper-java libatk-wrapper-java-jni libatk1.0-0
  libatk1.0-data libatspi2.0-0 libavahi-client3 libavahi-common-data
  libavahi-common3 libbsd0 libcups2 libdbus-1-3 libdrm-amdgpu1 libdrm-common
  libdrm-intel1 libdrm-nouveau2 libdrm-radeon1 libdrm2 libedit2 libelf1
  libexpat1 libfontconfig1 libfontenc1 libfreetype6 libgif7 libgl1
  libgl1-mesa-dri libglapi-mesa libglib2.0-0 libglib2.0-data libglvnd0
  libglx-mesa0 libglx0 libgraphite2-3 libgssapi-krb5-2 libharfbuzz0b
  libice-dev libice6 libicu66 libjpeg-turbo8 libjpeg8 libk5crypto3
  libkeyutils1 libkrb5-3 libkrb5support0 liblcms2-2 libllvm12 libnspr4 libnss3
  libpciaccess0 libpcsclite1 libpng16-16 libpthread-stubs0-dev
  libsensors-config libsensors5 libsm-dev libsm6 libsqlite3-0 libssl1.1
  libvulkan1 libwayland-client0 libx11-6 libx11-data libx11-dev libx11-xcb1
  libxau-dev libxau6 libxaw7 libxcb-dri2-0 libxcb-dri3-0 libxcb-glx0
  libxcb-present0 libxcb-randr0 libxcb-shape0 libxcb-shm0 libxcb-sync1
  libxcb-xfixes0 libxcb1 libxcb1-dev libxcomposite1 libxdmcp-dev libxdmcp6
  libxext6 libxfixes3 libxft2 libxi6 libxinerama1 libxkbfile1 libxml2 libxmu6
  libxmuu1 libxpm4 libxrandr2 libxrender1 libxshmfence1 libxt-dev libxt6
  libxtst6 libxv1 libxxf86dga1 libxxf86vm1 mesa-vulkan-drivers openjdk-11-jdk
  openjdk-11-jdk-headless openjdk-11-jre openjdk-11-jre-headless openssl
  shared-mime-info tzdata ucf x11-common x11-utils x11proto-core-dev
  x11proto-dev xdg-user-dirs xorg-sgml-doctools xtrans-dev
Suggested packages:
  default-dbus-session-bus | dbus-session-bus libasound2-plugins alsa-utils
  cups-common krb5-doc krb5-user libice-doc liblcms2-utils pciutils pcscd
  lm-sensors libsm-doc libx11-doc libxcb-doc libxt-doc openjdk-11-demo
  openjdk-11-source visualvm libnss-mdns fonts-ipafont-gothic
  fonts-ipafont-mincho fonts-wqy-microhei | fonts-wqy-zenhei fonts-indic
  mesa-utils
The following NEW packages will be installed:
  alsa-topology-conf alsa-ucm-conf at-spi2-core ca-certificates
  ca-certificates-java dbus default-jdk default-jdk-headless default-jre
  default-jre-headless fontconfig-config fonts-dejavu-core fonts-dejavu-extra
  java-common krb5-locales libapparmor1 libasound2 libasound2-data
  libatk-bridge2.0-0 libatk-wrapper-java libatk-wrapper-java-jni libatk1.0-0
  libatk1.0-data libatspi2.0-0 libavahi-client3 libavahi-common-data
  libavahi-common3 libbsd0 libcups2 libdbus-1-3 libdrm-amdgpu1 libdrm-common
  libdrm-intel1 libdrm-nouveau2 libdrm-radeon1 libdrm2 libedit2 libelf1
  libexpat1 libfontconfig1 libfontenc1 libfreetype6 libgif7 libgl1
  libgl1-mesa-dri libglapi-mesa libglib2.0-0 libglib2.0-data libglvnd0
  libglx-mesa0 libglx0 libgraphite2-3 libgssapi-krb5-2 libharfbuzz0b
  libice-dev libice6 libicu66 libjpeg-turbo8 libjpeg8 libk5crypto3
  libkeyutils1 libkrb5-3 libkrb5support0 liblcms2-2 libllvm12 libnspr4 libnss3
  libpciaccess0 libpcsclite1 libpng16-16 libpthread-stubs0-dev
  libsensors-config libsensors5 libsm-dev libsm6 libsqlite3-0 libssl1.1
  libvulkan1 libwayland-client0 libx11-6 libx11-data libx11-dev libx11-xcb1
  libxau-dev libxau6 libxaw7 libxcb-dri2-0 libxcb-dri3-0 libxcb-glx0
  libxcb-present0 libxcb-randr0 libxcb-shape0 libxcb-shm0 libxcb-sync1
  libxcb-xfixes0 libxcb1 libxcb1-dev libxcomposite1 libxdmcp-dev libxdmcp6
  libxext6 libxfixes3 libxft2 libxi6 libxinerama1 libxkbfile1 libxml2 libxmu6
  libxmuu1 libxpm4 libxrandr2 libxrender1 libxshmfence1 libxt-dev libxt6
  libxtst6 libxv1 libxxf86dga1 libxxf86vm1 mesa-vulkan-drivers openjdk-11-jdk
  openjdk-11-jdk-headless openjdk-11-jre openjdk-11-jre-headless openssl
  shared-mime-info tzdata ucf x11-common x11-utils x11proto-core-dev
  x11proto-dev xdg-user-dirs xorg-sgml-doctools xtrans-dev
0 upgraded, 135 newly installed, 0 to remove and 0 not upgraded.
Need to get 324 MB of archives.
After this operation, 1027 MB of additional disk space will be used.
Get:1 http://archive.ubuntu.com/ubuntu focal-updates/main amd64 libssl1.1 amd64 1.1.1f-1ubuntu2.12 [1322 kB]
Get:2 http://archive.ubuntu.com/ubuntu focal-updates/main amd64 openssl amd64 1.1.1f-1ubuntu2.12 [620 kB]
Get:3 http://archive.ubuntu.com/ubuntu focal-updates/main amd64 ca-certificates all 20210119~20.04.2 [145 kB]
Get:4 http://archive.ubuntu.com/ubuntu focal-updates/main amd64 libapparmor1 amd64 2.13.3-7ubuntu5.1 [34.1 kB]
Get:5 http://archive.ubuntu.com/ubuntu focal-updates/main amd64 libdbus-1-3 amd64 1.12.16-2ubuntu2.1 [179 kB]
Get:6 http://archive.ubuntu.com/ubuntu focal-updates/main amd64 libexpat1 amd64 2.2.9-1ubuntu0.4 [74.4 kB]
Get:7 http://archive.ubuntu.com/ubuntu focal-updates/main amd64 dbus amd64 1.12.16-2ubuntu2.1 [151 kB]
Get:8 http://archive.ubuntu.com/ubuntu focal/main amd64 libbsd0 amd64 0.10.0-1 [45.4 kB]
Get:9 http://archive.ubuntu.com/ubuntu focal/main amd64 libelf1 amd64 0.176-1.1build1 [44.0 kB]
Get:10 http://archive.ubuntu.com/ubuntu focal-updates/main amd64 libglib2.0-0 amd64 2.64.6-1~ubuntu20.04.4 [1287 kB]
Get:11 http://archive.ubuntu.com/ubuntu focal-updates/main amd64 libglib2.0-data all 2.64.6-1~ubuntu20.04.4 [6052 B]
Get:12 http://archive.ubuntu.com/ubuntu focal-updates/main amd64 tzdata all 2021e-0ubuntu0.20.04 [295 kB]
Get:13 http://archive.ubuntu.com/ubuntu focal-updates/main amd64 libicu66 amd64 66.1-2ubuntu2.1 [8515 kB]
Get:14 http://archive.ubuntu.com/ubuntu focal-updates/main amd64 libsqlite3-0 amd64 3.31.1-4ubuntu0.2 [549 kB]
Get:15 http://archive.ubuntu.com/ubuntu focal-updates/main amd64 libxml2 amd64 2.9.10+dfsg-5ubuntu0.20.04.2 [640 kB]
Get:16 http://archive.ubuntu.com/ubuntu focal/main amd64 shared-mime-info amd64 1.15-1 [430 kB]
Get:17 http://archive.ubuntu.com/ubuntu focal/main amd64 ucf all 3.0038+nmu1 [51.6 kB]
Get:18 http://archive.ubuntu.com/ubuntu focal/main amd64 xdg-user-dirs amd64 0.17-2ubuntu1 [48.3 kB]
Get:19 http://archive.ubuntu.com/ubuntu focal-updates/main amd64 krb5-locales all 1.17-6ubuntu4.1 [11.4 kB]
Get:20 http://archive.ubuntu.com/ubuntu focal-updates/main amd64 libdrm-common all 2.4.107-8ubuntu1~20.04.2 [5396 B]
Get:21 http://archive.ubuntu.com/ubuntu focal-updates/main amd64 libdrm2 amd64 2.4.107-8ubuntu1~20.04.2 [34.1 kB]
Get:22 http://archive.ubuntu.com/ubuntu focal/main amd64 libedit2 amd64 3.1-20191231-1 [87.0 kB]
Get:23 http://archive.ubuntu.com/ubuntu focal-updates/main amd64 libkrb5support0 amd64 1.17-6ubuntu4.1 [30.9 kB]
Get:24 http://archive.ubuntu.com/ubuntu focal-updates/main amd64 libk5crypto3 amd64 1.17-6ubuntu4.1 [79.9 kB]
Get:25 http://archive.ubuntu.com/ubuntu focal/main amd64 libkeyutils1 amd64 1.6-6ubuntu1 [10.2 kB]
Get:26 http://archive.ubuntu.com/ubuntu focal-updates/main amd64 libkrb5-3 amd64 1.17-6ubuntu4.1 [330 kB]
Get:27 http://archive.ubuntu.com/ubuntu focal-updates/main amd64 libgssapi-krb5-2 amd64 1.17-6ubuntu4.1 [121 kB]
Get:28 http://archive.ubuntu.com/ubuntu focal/main amd64 libpng16-16 amd64 1.6.37-2 [179 kB]
Get:29 http://archive.ubuntu.com/ubuntu focal/main amd64 libxau6 amd64 1:1.0.9-0ubuntu1 [7488 B]
Get:30 http://archive.ubuntu.com/ubuntu focal/main amd64 libxdmcp6 amd64 1:1.1.3-0ubuntu1 [10.6 kB]
Get:31 http://archive.ubuntu.com/ubuntu focal/main amd64 libxcb1 amd64 1.14-2 [44.7 kB]
Get:32 http://archive.ubuntu.com/ubuntu focal-updates/main amd64 libx11-data all 2:1.6.9-2ubuntu1.2 [113 kB]
Get:33 http://archive.ubuntu.com/ubuntu focal-updates/main amd64 libx11-6 amd64 2:1.6.9-2ubuntu1.2 [575 kB]
Get:34 http://archive.ubuntu.com/ubuntu focal/main amd64 libxext6 amd64 2:1.3.4-0ubuntu1 [29.1 kB]
Get:35 http://archive.ubuntu.com/ubuntu focal/main amd64 libxmuu1 amd64 2:1.1.3-0ubuntu1 [9728 B]
Get:36 http://archive.ubuntu.com/ubuntu focal/main amd64 alsa-topology-conf all 1.2.2-1 [7364 B]
Get:37 http://archive.ubuntu.com/ubuntu focal-updates/main amd64 alsa-ucm-conf all 1.2.2-1ubuntu0.12 [27.1 kB]
Get:38 http://archive.ubuntu.com/ubuntu focal/main amd64 libatspi2.0-0 amd64 2.36.0-2 [64.2 kB]
Get:39 http://archive.ubuntu.com/ubuntu focal/main amd64 x11-common all 1:7.7+19ubuntu14 [22.3 kB]
Get:40 http://archive.ubuntu.com/ubuntu focal/main amd64 libxtst6 amd64 2:1.2.3-1 [12.8 kB]
Get:41 http://archive.ubuntu.com/ubuntu focal/main amd64 at-spi2-core amd64 2.36.0-2 [48.7 kB]
Get:42 http://archive.ubuntu.com/ubuntu focal/main amd64 java-common all 0.72 [6816 B]
Get:43 http://archive.ubuntu.com/ubuntu focal-updates/main amd64 libavahi-common-data amd64 0.7-4ubuntu7.1 [21.4 kB]
Get:44 http://archive.ubuntu.com/ubuntu focal-updates/main amd64 libavahi-common3 amd64 0.7-4ubuntu7.1 [21.7 kB]
Get:45 http://archive.ubuntu.com/ubuntu focal-updates/main amd64 libavahi-client3 amd64 0.7-4ubuntu7.1 [25.5 kB]
Get:46 http://archive.ubuntu.com/ubuntu focal-updates/main amd64 libcups2 amd64 2.3.1-9ubuntu1.1 [233 kB]
Get:47 http://archive.ubuntu.com/ubuntu focal/main amd64 liblcms2-2 amd64 2.9-4 [140 kB]
Get:48 http://archive.ubuntu.com/ubuntu focal-updates/main amd64 libjpeg-turbo8 amd64 2.0.3-0ubuntu1.20.04.1 [117 kB]
Get:49 http://archive.ubuntu.com/ubuntu focal/main amd64 libjpeg8 amd64 8c-2ubuntu8 [2194 B]
Get:50 http://archive.ubuntu.com/ubuntu focal-updates/main amd64 libfreetype6 amd64 2.10.1-2ubuntu0.1 [341 kB]
Get:51 http://archive.ubuntu.com/ubuntu focal/main amd64 fonts-dejavu-core all 2.37-1 [1041 kB]
Get:52 http://archive.ubuntu.com/ubuntu focal/main amd64 fontconfig-config all 2.13.1-2ubuntu3 [28.8 kB]
Get:53 http://archive.ubuntu.com/ubuntu focal/main amd64 libfontconfig1 amd64 2.13.1-2ubuntu3 [114 kB]
Get:54 http://archive.ubuntu.com/ubuntu focal/main amd64 libnspr4 amd64 2:4.25-1 [107 kB]
Get:55 http://archive.ubuntu.com/ubuntu focal-updates/main amd64 libnss3 amd64 2:3.49.1-1ubuntu1.6 [1256 kB]
Get:56 http://archive.ubuntu.com/ubuntu focal-updates/main amd64 libasound2-data all 1.2.2-2.1ubuntu2.5 [20.1 kB]
Get:57 http://archive.ubuntu.com/ubuntu focal-updates/main amd64 libasound2 amd64 1.2.2-2.1ubuntu2.5 [335 kB]
Get:58 http://archive.ubuntu.com/ubuntu focal/main amd64 libgraphite2-3 amd64 1.3.13-11build1 [73.5 kB]
Get:59 http://archive.ubuntu.com/ubuntu focal/main amd64 libharfbuzz0b amd64 2.6.4-1ubuntu4 [391 kB]
Get:60 http://archive.ubuntu.com/ubuntu focal/main amd64 libpcsclite1 amd64 1.8.26-3 [22.0 kB]
Get:61 http://archive.ubuntu.com/ubuntu focal-updates/main amd64 openjdk-11-jre-headless amd64 11.0.14+9-0ubuntu2~20.04 [37.3 MB]
Get:62 http://archive.ubuntu.com/ubuntu focal/main amd64 default-jre-headless amd64 2:1.11-72 [3192 B]
Get:63 http://archive.ubuntu.com/ubuntu focal/main amd64 ca-certificates-java all 20190405ubuntu1 [12.2 kB]
Get:64 http://archive.ubuntu.com/ubuntu focal-updates/main amd64 libglvnd0 amd64 1.3.2-1~ubuntu0.20.04.2 [48.1 kB]
Get:65 http://archive.ubuntu.com/ubuntu focal-updates/main amd64 libglapi-mesa amd64 21.2.6-0ubuntu0.1~20.04.2 [27.4 kB]
Get:66 http://archive.ubuntu.com/ubuntu focal-updates/main amd64 libx11-xcb1 amd64 2:1.6.9-2ubuntu1.2 [9372 B]
Get:67 http://archive.ubuntu.com/ubuntu focal/main amd64 libxcb-dri2-0 amd64 1.14-2 [6920 B]
Get:68 http://archive.ubuntu.com/ubuntu focal/main amd64 libxcb-dri3-0 amd64 1.14-2 [6552 B]
Get:69 http://archive.ubuntu.com/ubuntu focal/main amd64 libxcb-glx0 amd64 1.14-2 [22.1 kB]
Get:70 http://archive.ubuntu.com/ubuntu focal/main amd64 libxcb-present0 amd64 1.14-2 [5560 B]
Get:71 http://archive.ubuntu.com/ubuntu focal/main amd64 libxcb-shm0 amd64 1.14-2 [5584 B]
Get:72 http://archive.ubuntu.com/ubuntu focal/main amd64 libxcb-sync1 amd64 1.14-2 [8884 B]
Get:73 http://archive.ubuntu.com/ubuntu focal/main amd64 libxcb-xfixes0 amd64 1.14-2 [9296 B]
Get:74 http://archive.ubuntu.com/ubuntu focal/main amd64 libxfixes3 amd64 1:5.0.3-2 [10.9 kB]
Get:75 http://archive.ubuntu.com/ubuntu focal/main amd64 libxshmfence1 amd64 1.3-1 [5028 B]
Get:76 http://archive.ubuntu.com/ubuntu focal/main amd64 libxxf86vm1 amd64 1:1.1.4-1build1 [10.2 kB]
Get:77 http://archive.ubuntu.com/ubuntu focal-updates/main amd64 libdrm-amdgpu1 amd64 2.4.107-8ubuntu1~20.04.2 [18.6 kB]
Get:78 http://archive.ubuntu.com/ubuntu focal/main amd64 libpciaccess0 amd64 0.16-0ubuntu1 [17.9 kB]
Get:79 http://archive.ubuntu.com/ubuntu focal-updates/main amd64 libdrm-intel1 amd64 2.4.107-8ubuntu1~20.04.2 [60.3 kB]
Get:80 http://archive.ubuntu.com/ubuntu focal-updates/main amd64 libdrm-nouveau2 amd64 2.4.107-8ubuntu1~20.04.2 [16.6 kB]
Get:81 http://archive.ubuntu.com/ubuntu focal-updates/main amd64 libdrm-radeon1 amd64 2.4.107-8ubuntu1~20.04.2 [19.7 kB]
Get:82 http://archive.ubuntu.com/ubuntu focal-updates/main amd64 libllvm12 amd64 1:12.0.0-3ubuntu1~20.04.5 [18.8 MB]
Get:83 http://archive.ubuntu.com/ubuntu focal/main amd64 libsensors-config all 1:3.6.0-2ubuntu1 [6092 B]
Get:84 http://archive.ubuntu.com/ubuntu focal/main amd64 libsensors5 amd64 1:3.6.0-2ubuntu1 [27.4 kB]
Get:85 http://archive.ubuntu.com/ubuntu focal/main amd64 libvulkan1 amd64 1.2.131.2-1 [93.3 kB]
Get:86 http://archive.ubuntu.com/ubuntu focal-updates/main amd64 libgl1-mesa-dri amd64 21.2.6-0ubuntu0.1~20.04.2 [11.0 MB]
Get:87 http://archive.ubuntu.com/ubuntu focal-updates/main amd64 libglx-mesa0 amd64 21.2.6-0ubuntu0.1~20.04.2 [137 kB]
Get:88 http://archive.ubuntu.com/ubuntu focal-updates/main amd64 libglx0 amd64 1.3.2-1~ubuntu0.20.04.2 [32.5 kB]
Get:89 http://archive.ubuntu.com/ubuntu focal-updates/main amd64 libgl1 amd64 1.3.2-1~ubuntu0.20.04.2 [85.8 kB]
Get:90 http://archive.ubuntu.com/ubuntu focal/main amd64 libgif7 amd64 5.1.9-1 [32.2 kB]
Get:91 http://archive.ubuntu.com/ubuntu focal/main amd64 libxi6 amd64 2:1.7.10-0ubuntu1 [29.9 kB]
Get:92 http://archive.ubuntu.com/ubuntu focal/main amd64 libxrender1 amd64 1:0.9.10-1 [18.7 kB]
Get:93 http://archive.ubuntu.com/ubuntu focal-updates/main amd64 openjdk-11-jre amd64 11.0.14+9-0ubuntu2~20.04 [175 kB]
Get:94 http://archive.ubuntu.com/ubuntu focal/main amd64 default-jre amd64 2:1.11-72 [1084 B]
Get:95 http://archive.ubuntu.com/ubuntu focal-updates/main amd64 openjdk-11-jdk-headless amd64 11.0.14+9-0ubuntu2~20.04 [223 MB]


PS C:\Users\vrush\OneDrive\Documents\Dockerizing java> docker ps 
CONTAINER ID        IMAGE               COMMAND                  CREATED             STATUS              PORTS                    NAMES
8ae3c23a9bf1        ce6e184bfc78        "/bin/sh -c 'apt ins…"   7 minutes ago       Up 7 minutes                                 pedantic_fermat
db6903c096c1        express             "npm start"              About an hour ago   Up About an hour    0.0.0.0:3000->3000/tcp   lucid_hermann


PS C:\Users\vrush\OneDrive\Documents\Dockerizing java> docker images
REPOSITORY             TAG                 IMAGE ID            CREATED             SIZE
<none>                 <none>              ce6e184bfc78        8 minutes ago       107MB        
express                latest              6f8b64208228        About an hour ago   184MB        
ubuntu                 20.04               ff0fea8310f3        5 days ago          72.8MB       
ubuntu                 latest              ff0fea8310f3        5 days ago          72.8MB       
node-docker-tutorial   latest              9563e47c43f8        4 weeks ago         189MB        
mysql                  latest              17b062d639f4        4 weeks ago         519MB        
postgres               latest              6a3c44872108        5 weeks ago         374MB        
mongo                  latest              5285cb69ea55        7 weeks ago         698MB        
ubuntu                 <none>              54c9d81cbb44        7 weeks ago         72.8MB
nginx                  latest              c316d5a335a5        8 weeks ago         142MB
hello-world            latest              feb5d9fea6a5        6 months ago        13.3kB       
node                   9-slim              e20bb4abe4ee        3 years ago         182MB        


PS C:\Users\vrush\OneDrive\Documents\Dockerizing java> docker run java
Unable to find image 'java:latest' locally
latest: Pulling from library/java
5040bd298390: Pull complete
fce5728aad85: Pull complete
76610ec20bf5: Pull complete
60170fec2151: Pull complete 
e98f73de8f0d: Pull complete
11f7af24ed9c: Pull complete
49e2d6393f32: Pull complete
bb9cdec9c7f3: Pull complete
Digest: sha256:c1ff613e8ba25833d2e1940da0940c3824f03f802c449f3d1815a66b7f8c0e9d
Status: Downloaded newer image for java:latest


PS C:\Users\vrush\OneDrive\Documents\Dockerizing java> docker images  
REPOSITORY             TAG                 IMAGE ID            CREATED             SIZE
<none>                 <none>              ce6e184bfc78        17 minutes ago      107MB        
express                latest              6f8b64208228        2 hours ago         184MB        
ubuntu                 20.04               ff0fea8310f3        5 days ago          72.8MB
ubuntu                 latest              ff0fea8310f3        5 days ago          72.8MB       
node-docker-tutorial   latest              9563e47c43f8        4 weeks ago         189MB
mysql                  latest              17b062d639f4        4 weeks ago         519MB
postgres               latest              6a3c44872108        5 weeks ago         374MB
mongo                  latest              5285cb69ea55        7 weeks ago         698MB
ubuntu                 <none>              54c9d81cbb44        7 weeks ago         72.8MB
nginx                  latest              c316d5a335a5        8 weeks ago         142MB
hello-world            latest              feb5d9fea6a5        6 months ago        13.3kB
node                   9-slim              e20bb4abe4ee        3 years ago         182MB
java                   latest              d23bdf5b1b1b        5 years ago         643MB        


PS C:\Users\vrush\OneDrive\Documents\Dockerizing java> docker ps      
CONTAINER ID        IMAGE               COMMAND             CREATED             STATUS          
    PORTS                    NAMES
db6903c096c1        express             "npm start"         2 hours ago         Up 2 hours          0.0.0.0:3000->3000/tcp   lucid_hermann
